// Jest Snapshot v1, https://goo.gl/fbAQLP

exports[`the genre cards should render correctly 1`] = `
<DocumentFragment>
  <div
    class="genre-card"
  >
    <img
      alt="/"
    />
    <button
      class="Button"
      data-testid="test-btn"
      type="button"
    />
  </div>
</DocumentFragment>
`;
