// Jest Snapshot v1, https://goo.gl/fbAQLP

exports[`the app page should render correctly 1`] = `
<DocumentFragment>
  <div
    class="App"
  >
    <div
      class="header"
    >
      My 
      <b>
          Record 
      </b>
      Shelf
    </div>
    <div
      class="body"
    >
      <div
        class="HomePage"
      >
        <p>
          :((
        </p>
        <p>
          Seems a bit empty in here
        </p>
        <button
          class="Button"
          data-testid="test-btn"
          type="button"
        >
          sync
        </button>
      </div>
    </div>
  </div>
</DocumentFragment>
`;
