// Jest Snapshot v1, https://goo.gl/fbAQLP

exports[`the songpage container should render correctly 1`] = `
<DocumentFragment>
  <div
    class="Song-page"
  >
    <p />
    <div
      class="songs-container"
    />
  </div>
</DocumentFragment>
`;
